../Core/Src/main.c:82:5:main	8	static
../Core/Src/main.c:167:6:SystemClock_Config	96	static
../Core/Src/main.c:217:13:MX_ADC1_Init	48	static
../Core/Src/main.c:284:13:MX_TIM2_Init	64	static
../Core/Src/main.c:347:13:MX_TIM6_Init	24	static
../Core/Src/main.c:385:13:MX_USART2_UART_Init	8	static
../Core/Src/main.c:420:13:MX_USART3_UART_Init	8	static
../Core/Src/main.c:455:13:MX_GPIO_Init	48	static
../Core/Src/main.c:502:6:HAL_GPIO_EXTI_Callback	16	static
../Core/Src/main.c:518:6:Error_Handler	4	static,ignoring_inline_asm
